$ npm ci --ignore-scripts --no-audit --no-fund


exit=0
$ npm run build --silent


exit=0
$ npm run typecheck --silent


exit=0
$ npm run typecheck:scripts --silent


exit=0
$ npm run lint --silent
lint: ok


exit=0
$ npm test --silent


exit=0
$ npm run sample-artifacts --silent
sample-artifacts: ok -> <repo>/examples/artifacts/governed-app


exit=0
$ npm run sample-artifacts --silent
sample-artifacts: ok -> <repo>/examples/artifacts/governed-app


exit=0
$ npm run smoke --silent
smoke: ok


exit=0
$ npm run smoke:packaging --silent
{
  "packageName": "ts-quality",
  "version": "0.8.0",
  "stageDir": ".ts-quality/npm/ts-quality/package",
  "tarball": ".ts-quality/npm/ts-quality/tarballs/ts-quality-0.8.0.tgz",
  "readme": {
    "startsWithFrontmatter": false,
    "heading": "# ts-quality",
    "containsVersionedHeading": false
  },
  "entrypoints": {
    "main": "dist/packages/ts-quality/src/index.js",
    "types": "dist/packages/ts-quality/src/index.d.ts",
    "bin": "dist/packages/ts-quality/src/cli.js",
    "exportDefault": "./dist/packages/ts-quality/src/index.js",
    "exportTypes": "./dist/packages/ts-quality/src/index.d.ts"
  },
  "manifest": {
    "name": "ts-quality",
    "version": "0.8.0",
    "description": "Deterministic trust for TypeScript changes in agent-built systems: mutation testing, invariants, governance, and attestable authorization.",
    "license": "SEE LICENSE IN LICENSE",
    "repository": {
      "type": "git",
      "url": "git+https://github.com/tryingET/ts-quality.git"
    },
    "homepage": "https://github.com/tryingET/ts-quality#readme",
    "bugs": {
      "url": "https://github.com/tryingET/ts-quality/issues"
    },
    "keywords": [
      "typescript",
      "code-quality",
      "mutation-testing",
      "static-analysis",
      "ai-agents",
      "agentic-systems",
      "governance",
      "attestation",
      "developer-tools"
    ],
    "dependencies": {
      "typescript": "^5.8.3"
    },
    "engines": {
      "node": ">=22"
    },
    "main": "dist/packages/ts-quality/src/index.js",
    "types": "dist/packages/ts-quality/src/index.d.ts",
    "exports": {
      ".": {
        "types": "./dist/packages/ts-quality/src/index.d.ts",
        "default": "./dist/packages/ts-quality/src/index.js"
      },
      "./package.json": "./package.json"
    },
    "bin": {
      "ts-quality": "dist/packages/ts-quality/src/cli.js"
    },
    "files": [
      "dist/**/*",
      "README.md",
      "LICENSE"
    ],
    "publishConfig": {
      "access": "public"
    }
  },
  "topLevelEntries": [
    "dist",
    "LICENSE",
    "package.json",
    "README.md"
  ],
  "directories": [
    "dist",
    "dist/packages",
    "dist/packages/crap4ts",
    "dist/packages/crap4ts/src",
    "dist/packages/evidence-model",
    "dist/packages/evidence-model/src",
    "dist/packages/governance",
    "dist/packages/governance/src",
    "dist/packages/invariants",
    "dist/packages/invariants/src",
    "dist/packages/legitimacy",
    "dist/packages/legitimacy/src",
    "dist/packages/policy-engine",
    "dist/packages/policy-engine/src",
    "dist/packages/ts-mutate",
    "dist/packages/ts-mutate/src",
    "dist/packages/ts-quality",
    "dist/packages/ts-quality/src"
  ],
  "stagedFiles": [
    "dist/packages/crap4ts/src/cli.d.ts",
    "dist/packages/crap4ts/src/cli.js",
    "dist/packages/crap4ts/src/cli.js.map",
    "dist/packages/crap4ts/src/index.d.ts",
    "dist/packages/crap4ts/src/index.js",
    "dist/packages/crap4ts/src/index.js.map",
    "dist/packages/evidence-model/src/index.d.ts",
    "dist/packages/evidence-model/src/index.js",
    "dist/packages/evidence-model/src/index.js.map",
    "dist/packages/evidence-model/src/witness.d.ts",
    "dist/packages/evidence-model/src/witness.js",
    "dist/packages/evidence-model/src/witness.js.map",
    "dist/packages/governance/src/import-collector.d.ts",
    "dist/packages/governance/src/import-collector.js",
    "dist/packages/governance/src/import-collector.js.map",
    "dist/packages/governance/src/import-provenance.d.ts",
    "dist/packages/governance/src/import-provenance.js",
    "dist/packages/governance/src/import-provenance.js.map",
    "dist/packages/governance/src/index.d.ts",
    "dist/packages/governance/src/index.js",
    "dist/packages/governance/src/index.js.map",
    "dist/packages/invariants/src/index.d.ts",
    "dist/packages/invariants/src/index.js",
    "dist/packages/invariants/src/index.js.map",
    "dist/packages/legitimacy/src/index.d.ts",
    "dist/packages/legitimacy/src/index.js",
    "dist/packages/legitimacy/src/index.js.map",
    "dist/packages/policy-engine/src/index.d.ts",
    "dist/packages/policy-engine/src/index.js",
    "dist/packages/policy-engine/src/index.js.map",
    "dist/packages/ts-mutate/src/cli.d.ts",
    "dist/packages/ts-mutate/src/cli.js",
    "dist/packages/ts-mutate/src/cli.js.map",
    "dist/packages/ts-mutate/src/index.d.ts",
    "dist/packages/ts-mutate/src/index.js",
    "dist/packages/ts-mutate/src/index.js.map",
    "dist/packages/ts-quality/src/amend.d.ts",
    "dist/packages/ts-quality/src/amend.js",
    "dist/packages/ts-quality/src/amend.js.map",
    "dist/packages/ts-quality/src/analysis.d.ts",
    "dist/packages/ts-quality/src/analysis.js",
    "dist/packages/ts-quality/src/analysis.js.map",
    "dist/packages/ts-quality/src/attestations.d.ts",
    "dist/packages/ts-quality/src/attestations.js",
    "dist/packages/ts-quality/src/attestations.js.map",
    "dist/packages/ts-quality/src/check.d.ts",
    "dist/packages/ts-quality/src/check.js",
    "dist/packages/ts-quality/src/check.js.map",
    "dist/packages/ts-quality/src/cli-paths.d.ts",
    "dist/packages/ts-quality/src/cli-paths.js",
    "dist/packages/ts-quality/src/cli-paths.js.map",
    "dist/packages/ts-quality/src/cli.d.ts",
    "dist/packages/ts-quality/src/cli.js",
    "dist/packages/ts-quality/src/cli.js.map",
    "dist/packages/ts-quality/src/config.d.ts",
    "dist/packages/ts-quality/src/config.js",
    "dist/packages/ts-quality/src/config.js.map",
    "dist/packages/ts-quality/src/doctor.d.ts",
    "dist/packages/ts-quality/src/doctor.js",
    "dist/packages/ts-quality/src/doctor.js.map",
    "dist/packages/ts-quality/src/evidence-closure.d.ts",
    "dist/packages/ts-quality/src/evidence-closure.js",
    "dist/packages/ts-quality/src/evidence-closure.js.map",
    "dist/packages/ts-quality/src/index.d.ts",
    "dist/packages/ts-quality/src/index.js",
    "dist/packages/ts-quality/src/index.js.map",
    "dist/packages/ts-quality/src/init-retention.d.ts",
    "dist/packages/ts-quality/src/init-retention.js",
    "dist/packages/ts-quality/src/init-retention.js.map",
    "dist/packages/ts-quality/src/legitimacy-commands.d.ts",
    "dist/packages/ts-quality/src/legitimacy-commands.js",
    "dist/packages/ts-quality/src/legitimacy-commands.js.map",
    "dist/packages/ts-quality/src/materialize-adopt.d.ts",
    "dist/packages/ts-quality/src/materialize-adopt.js",
    "dist/packages/ts-quality/src/materialize-adopt.js.map",
    "dist/packages/ts-quality/src/mutation-remediation.d.ts",
    "dist/packages/ts-quality/src/mutation-remediation.js",
    "dist/packages/ts-quality/src/mutation-remediation.js.map",
    "dist/packages/ts-quality/src/navigation.d.ts",
    "dist/packages/ts-quality/src/navigation.js",
    "dist/packages/ts-quality/src/navigation.js.map",
    "dist/packages/ts-quality/src/package-index-schema.d.ts",
    "dist/packages/ts-quality/src/package-index-schema.js",
    "dist/packages/ts-quality/src/package-index-schema.js.map",
    "dist/packages/ts-quality/src/package-index.d.ts",
    "dist/packages/ts-quality/src/package-index.js",
    "dist/packages/ts-quality/src/package-index.js.map",
    "dist/packages/ts-quality/src/projections.d.ts",
    "dist/packages/ts-quality/src/projections.js",
    "dist/packages/ts-quality/src/projections.js.map",
    "dist/packages/ts-quality/src/render-text.d.ts",
    "dist/packages/ts-quality/src/render-text.js",
    "dist/packages/ts-quality/src/render-text.js.map",
    "dist/packages/ts-quality/src/run-context.d.ts",
    "dist/packages/ts-quality/src/run-context.js",
    "dist/packages/ts-quality/src/run-context.js.map",
    "dist/packages/ts-quality/src/trend.d.ts",
    "dist/packages/ts-quality/src/trend.js",
    "dist/packages/ts-quality/src/trend.js.map",
    "dist/packages/ts-quality/src/witness-commands.d.ts",
    "dist/packages/ts-quality/src/witness-commands.js",
    "dist/packages/ts-quality/src/witness-commands.js.map",
    "LICENSE",
    "package.json",
    "README.md"
  ],
  "tarballFiles": [
    "package/dist/packages/crap4ts/src/cli.d.ts",
    "package/dist/packages/crap4ts/src/cli.js",
    "package/dist/packages/crap4ts/src/cli.js.map",
    "package/dist/packages/crap4ts/src/index.d.ts",
    "package/dist/packages/crap4ts/src/index.js",
    "package/dist/packages/crap4ts/src/index.js.map",
    "package/dist/packages/evidence-model/src/index.d.ts",
    "package/dist/packages/evidence-model/src/index.js",
    "package/dist/packages/evidence-model/src/index.js.map",
    "package/dist/packages/evidence-model/src/witness.d.ts",
    "package/dist/packages/evidence-model/src/witness.js",
    "package/dist/packages/evidence-model/src/witness.js.map",
    "package/dist/packages/governance/src/import-collector.d.ts",
    "package/dist/packages/governance/src/import-collector.js",
    "package/dist/packages/governance/src/import-collector.js.map",
    "package/dist/packages/governance/src/import-provenance.d.ts",
    "package/dist/packages/governance/src/import-provenance.js",
    "package/dist/packages/governance/src/import-provenance.js.map",
    "package/dist/packages/governance/src/index.d.ts",
    "package/dist/packages/governance/src/index.js",
    "package/dist/packages/governance/src/index.js.map",
    "package/dist/packages/invariants/src/index.d.ts",
    "package/dist/packages/invariants/src/index.js",
    "package/dist/packages/invariants/src/index.js.map",
    "package/dist/packages/legitimacy/src/index.d.ts",
    "package/dist/packages/legitimacy/src/index.js",
    "package/dist/packages/legitimacy/src/index.js.map",
    "package/dist/packages/policy-engine/src/index.d.ts",
    "package/dist/packages/policy-engine/src/index.js",
    "package/dist/packages/policy-engine/src/index.js.map",
    "package/dist/packages/ts-mutate/src/cli.d.ts",
    "package/dist/packages/ts-mutate/src/cli.js",
    "package/dist/packages/ts-mutate/src/cli.js.map",
    "package/dist/packages/ts-mutate/src/index.d.ts",
    "package/dist/packages/ts-mutate/src/index.js",
    "package/dist/packages/ts-mutate/src/index.js.map",
    "package/dist/packages/ts-quality/src/amend.d.ts",
    "package/dist/packages/ts-quality/src/amend.js",
    "package/dist/packages/ts-quality/src/amend.js.map",
    "package/dist/packages/ts-quality/src/analysis.d.ts",
    "package/dist/packages/ts-quality/src/analysis.js",
    "package/dist/packages/ts-quality/src/analysis.js.map",
    "package/dist/packages/ts-quality/src/attestations.d.ts",
    "package/dist/packages/ts-quality/src/attestations.js",
    "package/dist/packages/ts-quality/src/attestations.js.map",
    "package/dist/packages/ts-quality/src/check.d.ts",
    "package/dist/packages/ts-quality/src/check.js",
    "package/dist/packages/ts-quality/src/check.js.map",
    "package/dist/packages/ts-quality/src/cli-paths.d.ts",
    "package/dist/packages/ts-quality/src/cli-paths.js",
    "package/dist/packages/ts-quality/src/cli-paths.js.map",
    "package/dist/packages/ts-quality/src/cli.d.ts",
    "package/dist/packages/ts-quality/src/cli.js",
    "package/dist/packages/ts-quality/src/cli.js.map",
    "package/dist/packages/ts-quality/src/config.d.ts",
    "package/dist/packages/ts-quality/src/config.js",
    "package/dist/packages/ts-quality/src/config.js.map",
    "package/dist/packages/ts-quality/src/doctor.d.ts",
    "package/dist/packages/ts-quality/src/doctor.js",
    "package/dist/packages/ts-quality/src/doctor.js.map",
    "package/dist/packages/ts-quality/src/evidence-closure.d.ts",
    "package/dist/packages/ts-quality/src/evidence-closure.js",
    "package/dist/packages/ts-quality/src/evidence-closure.js.map",
    "package/dist/packages/ts-quality/src/index.d.ts",
    "package/dist/packages/ts-quality/src/index.js",
    "package/dist/packages/ts-quality/src/index.js.map",
    "package/dist/packages/ts-quality/src/init-retention.d.ts",
    "package/dist/packages/ts-quality/src/init-retention.js",
    "package/dist/packages/ts-quality/src/init-retention.js.map",
    "package/dist/packages/ts-quality/src/legitimacy-commands.d.ts",
    "package/dist/packages/ts-quality/src/legitimacy-commands.js",
    "package/dist/packages/ts-quality/src/legitimacy-commands.js.map",
    "package/dist/packages/ts-quality/src/materialize-adopt.d.ts",
    "package/dist/packages/ts-quality/src/materialize-adopt.js",
    "package/dist/packages/ts-quality/src/materialize-adopt.js.map",
    "package/dist/packages/ts-quality/src/mutation-remediation.d.ts",
    "package/dist/packages/ts-quality/src/mutation-remediation.js",
    "package/dist/packages/ts-quality/src/mutation-remediation.js.map",
    "package/dist/packages/ts-quality/src/navigation.d.ts",
    "package/dist/packages/ts-quality/src/navigation.js",
    "package/dist/packages/ts-quality/src/navigation.js.map",
    "package/dist/packages/ts-quality/src/package-index-schema.d.ts",
    "package/dist/packages/ts-quality/src/package-index-schema.js",
    "package/dist/packages/ts-quality/src/package-index-schema.js.map",
    "package/dist/packages/ts-quality/src/package-index.d.ts",
    "package/dist/packages/ts-quality/src/package-index.js",
    "package/dist/packages/ts-quality/src/package-index.js.map",
    "package/dist/packages/ts-quality/src/projections.d.ts",
    "package/dist/packages/ts-quality/src/projections.js",
    "package/dist/packages/ts-quality/src/projections.js.map",
    "package/dist/packages/ts-quality/src/render-text.d.ts",
    "package/dist/packages/ts-quality/src/render-text.js",
    "package/dist/packages/ts-quality/src/render-text.js.map",
    "package/dist/packages/ts-quality/src/run-context.d.ts",
    "package/dist/packages/ts-quality/src/run-context.js",
    "package/dist/packages/ts-quality/src/run-context.js.map",
    "package/dist/packages/ts-quality/src/trend.d.ts",
    "package/dist/packages/ts-quality/src/trend.js",
    "package/dist/packages/ts-quality/src/trend.js.map",
    "package/dist/packages/ts-quality/src/witness-commands.d.ts",
    "package/dist/packages/ts-quality/src/witness-commands.js",
    "package/dist/packages/ts-quality/src/witness-commands.js.map",
    "package/LICENSE",
    "package/package.json",
    "package/README.md"
  ],
  "cli": {
    "publicContract": {
      "schemaVersion": 1,
      "checks": [
        {
          "id": "version",
          "args": [
            "--version"
          ],
          "summary": "top-level version prints a bare semver line",
          "details": {
            "version": "0.8.0"
          }
        },
        {
          "id": "help",
          "args": [
            "--help"
          ],
          "summary": "top-level help exposes command list",
          "details": {
            "header": "ts-quality commands:"
          }
        },
        {
          "id": "doctor-help",
          "args": [
            "doctor",
            "--help"
          ],
          "summary": "doctor help exposes compact machine flag",
          "details": {
            "flag": "--machine"
          }
        },
        {
          "id": "doctor-machine",
          "args": [
            "doctor",
            "--machine",
            "--changed",
            "src/index.ts"
          ],
          "summary": "compact doctor line protocol starts with its exact header and exact command fields",
          "details": {
            "header": "TSQ_DOCTOR_MACHINE_V1",
            "commandField": "command_arg",
            "commandEncoding": "repeated-field",
            "recordKinds": "root,config,changed,files,scripts,coverage,mutation,risk,recommend"
          }
        }
      ]
    },
    "initCreated": [
      "ts-quality.config.ts",
      ".ts-quality/invariants.ts",
      ".ts-quality/constitution.ts",
      ".ts-quality/agents.ts",
      ".ts-quality/approvals.json",
      ".ts-quality/waivers.json",
      ".ts-quality/overrides.json",
      ".ts-quality/keys/sample.pem",
      ".ts-quality/keys/sample.pub.pem"
    ],
    "materializedConfig": ".ts-quality/materialized/ts-quality.config.json",
    "checkRequiresScope": {
      "outcome": "fail",
      "stderrIncludes": "Changed scope is required."
    },
    "keygen": {
      "runId": "packaging-installed-keygen-run",
      "outDir": ".ts-quality/generated-keys",
      "keyId": "packaging-generated",
      "stdoutMatchesAbsolutePaths": true,
      "created": [
        ".ts-quality/generated-keys/packaging-generated.pem",
        ".ts-quality/generated-keys/packaging-generated.pub.pem"
      ],
      "attestationPath": ".ts-quality/attestations/generated-key.json",
      "verifiedIssuer": "ci.generated"
    },
    "manualWitness": {
      "contentBindingVerified": true,
      "staleSourceSupportRejected": true,
      "fixture": "manual-witness-contract",
      "story": "doctor-machine -> manual witness -> check -> report/explain by run id",
      "runId": "public-manual-witness-contract",
      "witnessPath": ".ts-quality/witnesses/auth-refresh-expired-boundary.json",
      "doctorMachine": {
        "header": "TSQ_DOCTOR_MACHINE_V1",
        "recordKinds": [
          "root",
          "config",
          "changed",
          "files",
          "scripts",
          "coverage",
          "mutation",
          "risk",
          "recommend"
        ],
        "commandArgRecordCount": 3
      },
      "evidenceSemantics": "execution-backed",
      "scenarioSupportKind": "execution-witness",
      "nextEvidenceWitnessStatus": "execution-backed",
      "autoRanExecutionWitnesses": false,
      "projections": {
        "reportByRunId": true,
        "explainByRunId": true
      }
    },
    "mutationSelection": {
      "target": "symbol:src/auth/token.js#function:canUseRefreshToken",
      "preview": {
        "executed": false,
        "targetStatus": "resolved",
        "selectedSites": 3,
        "projectUnchanged": true
      },
      "staleTarget": {
        "refused": true,
        "includes": "Mutation target(s) unresolved",
        "runWritten": false
      },
      "targetedRun": {
        "runId": "packaging-installed-targeted-run",
        "selected": 3,
        "complete": true,
        "allExecuted": true
      }
    },
    "navigation": {
      "runId": "packaging-installed-navigation-run",
      "mutationContextRecorded": true,
      "version": "1",
      "kind": "ts-quality-navigation",
      "derived": true,
      "primaryActionUnchanged": true,
      "queueHasBlockingItem": true,
      "projectUnchanged": true
    },
    "packageIndex": {
      "runs": [
        "ci-api-run",
        "ci-web-run"
      ],
      "references": "fresh",
      "packages": [
        ".: no-run-evidence",
        "packages/api: source-unavailable",
        "packages/web: source-unavailable"
      ],
      "apiTypesCompile": true
    }
  },
  "api": {
    "exportTypes": {
      "initProject": "function",
      "materializeProject": "function"
    },
    "materializeConfig": ".ts-quality/materialized/ts-quality.config.json",
    "materializeOutDir": ".ts-quality/materialized",
    "materializedFiles": [
      ".ts-quality/materialized/invariants.json",
      ".ts-quality/materialized/constitution.json",
      ".ts-quality/materialized/agents.json",
      ".ts-quality/materialized/approvals.json",
      ".ts-quality/materialized/waivers.json",
      ".ts-quality/materialized/overrides.json",
      ".ts-quality/materialized/ts-quality.config.json"
    ]
  },
  "typesCheck": {
    "compiler": "tsc",
    "passed": true,
    "importStatement": "import { initProject, materializeProject } from 'ts-quality';"
  },
  "capturedArtifactCorpus": {
    "test": "test/artifact-compatibility-fixtures.test.mjs",
    "cliOrigin": "fresh tarball installation: node_modules/ts-quality",
    "passedTests": 8,
    "failedTests": 0,
    "projections": [
      "report --json",
      "explain",
      "plan",
      "govern",
      "authorize"
    ],
    "captures": [
      "historical governed-app 5.0.0",
      "Kinetic Vitest/ESM",
      "TSX/pnpm/Vitest",
      "Jest/Yarn 4 missing-source drift denial",
      "Bun/ESM one-source capture"
    ],
    "optionalFields": [
      "legacy absent additive",
      "unknown future additive",
      "minimal next-evidence"
    ],
    "rejectedSnapshots": [
      "unsupported schema 999",
      "malformed configPath"
    ],
    "immutablePackets": true,
    "bunScaleRunExercised": false
  },
  "fixtureBreadth": {
    "monorepoBoundary": {
      "fixture": "mini-monorepo",
      "runId": "packaging-installed-mini-monorepo-run",
      "changedFiles": [
        "packages/api/src/consumer.js"
      ],
      "outcome": "fail",
      "packageName": "api-pkg",
      "governanceRuleId": "api-cannot-import-identity",
      "governIncludes": [
        "api-cannot-import-identity",
        "API code may not import identity state directly."
      ]
    }
  },
  "reviewFlow": {
    "fixture": "governed-app",
    "runId": "packaging-installed-review-run",
    "runArtifacts": [
      ".ts-quality/runs/packaging-installed-review-run/run.json",
      ".ts-quality/runs/packaging-installed-review-run/verdict.json",
      ".ts-quality/runs/packaging-installed-review-run/report.md",
      ".ts-quality/runs/packaging-installed-review-run/pr-summary.md",
      ".ts-quality/runs/packaging-installed-review-run/check-summary.txt",
      ".ts-quality/runs/packaging-installed-review-run/explain.txt",
      ".ts-quality/runs/packaging-installed-review-run/plan.txt",
      ".ts-quality/runs/packaging-installed-review-run/govern.txt",
      ".ts-quality/runs/packaging-installed-review-run/attestation-verify.txt",
      ".ts-quality/runs/packaging-installed-review-run/publication.json"
    ],
    "report": {
      "artifact": ".ts-quality/runs/packaging-installed-review-run/report.md",
      "stdoutMatchesArtifact": true,
      "stdoutIncludes": [
        "# ts-quality report"
      ]
    },
    "explain": {
      "artifact": ".ts-quality/runs/packaging-installed-review-run/explain.txt",
      "stdoutMatchesArtifact": true,
      "stdoutIncludes": [
        "Reasons:"
      ]
    },
    "plan": {
      "artifact": ".ts-quality/runs/packaging-installed-review-run/plan.txt",
      "stdoutIncludes": [
        "Invariant evidence at risk: auth.refresh.validity",
        "1. Tighten tests around surviving mutants"
      ],
      "artifactIncludes": [
        "Invariant evidence at risk: auth.refresh.validity",
        "1. [test] Tighten tests around surviving mutants"
      ]
    },
    "trend": {
      "currentRun": "packaging-installed-review-trend-run",
      "previousRun": "packaging-installed-review-run",
      "stdoutIncludes": [
        "Current run: packaging-installed-review-trend-run",
        "Previous run: packaging-installed-review-run",
        "Invariant evidence at risk: auth.refresh.validity",
        "Evidence semantics: deterministic lexical alignment over focused tests; not execution-backed behavioral proof",
        "Evidence provenance: explicit 3, inferred 1, missing 1",
        "scenario-support [missing; mode=missing]: 0/1 scenario(s) have deterministic lexical support"
      ],
      "omitsObligation": true
    },
    "runSelection": {
      "latestReportRunId": "packaging-installed-review-trend-run",
      "selectedReportRunId": "packaging-installed-review-run",
      "latestAuthorizeOutcome": "deny",
      "latestAuthorizeRunId": "packaging-installed-review-trend-run",
      "selectedAuthorizeOutcome": "approve",
      "selectedAuthorizeRunId": "packaging-installed-review-run",
      "selectedAuthorizeOverride": "maintainer"
    },
    "materializedConfig": {
      "configPath": ".ts-quality/materialized/ts-quality.config.json",
      "sourceRunId": "packaging-installed-materialized-source-run",
      "runId": "packaging-installed-materialized-config-run",
      "analysisConfigPath": ".ts-quality/materialized/ts-quality.config.json",
      "controlPlaneConfigPath": ".ts-quality/materialized/ts-quality.config.json",
      "matchesSourceVerdict": true,
      "matchesSourceChangedFiles": true,
      "matchesSourceGovernance": true,
      "governIncludes": [
        "auth-risk-budget",
        "Invariant evidence at risk: auth.refresh.validity"
      ]
    },
    "driftDetection": {
      "runId": "packaging-installed-drift-run",
      "mutatedFile": "src/auth/token.js",
      "planIncludes": [
        "Run drift detected for packaging-installed-drift-run.",
        "changed file src/auth/token.js:"
      ],
      "governIncludes": [
        "Run drift detected for packaging-installed-drift-run.",
        "changed file src/auth/token.js:"
      ],
      "authorize": {
        "agent": "maintainer",
        "outcome": "deny",
        "runId": "packaging-installed-drift-run",
        "reasonIncludes": "Repository changed since run",
        "bundlePath": ".ts-quality/runs/packaging-installed-drift-run/bundle.maintainer.merge.json",
        "decisionPath": ".ts-quality/runs/packaging-installed-drift-run/authorize.maintainer.merge.json"
      }
    },
    "governIncludes": "auth-risk-budget",
    "runArtifactCompatibility": {
      "compatible": {
        "legacy010": {
          "runId": "packaging-installed-legacy-artifact-run",
          "version": "0.1.0",
          "expectation": [
            "legacy 0.1.0-style packet without additive 0.2.x fields",
            "repo projections tolerate missing optional additive fields"
          ],
          "reportJsonRunId": "packaging-installed-legacy-artifact-run",
          "explainIncludes": [
            "Reasons:"
          ],
          "planIncludes": [
            "Invariant evidence at risk: auth.refresh.validity"
          ],
          "governIncludes": [
            "auth-risk-budget"
          ],
          "authorizeOutcome": "deny",
          "authorizeRunId": "packaging-installed-legacy-artifact-run",
          "removedAdditiveFields": [
            "controlPlane",
            "coverageGeneration",
            "analysisWarnings",
            "mutationRemediation",
            "nextEvidenceAction",
            "executionWitnesses",
            "verdict.confidenceBreakdown"
          ]
        },
        "additive020": {
          "runId": "packaging-installed-additive-artifact-run",
          "version": "0.2.0",
          "expectation": [
            "current packet with future optional additive fields",
            "repo projections ignore optional fields they do not understand"
          ],
          "reportJsonRunId": "packaging-installed-additive-artifact-run",
          "explainIncludes": [
            "Reasons:"
          ],
          "planIncludes": [
            "Invariant evidence at risk: auth.refresh.validity"
          ],
          "governIncludes": [
            "auth-risk-budget"
          ],
          "authorizeOutcome": "deny",
          "authorizeRunId": "packaging-installed-additive-artifact-run"
        },
        "nextEvidenceOptionalFields": {
          "runId": "packaging-installed-next-evidence-compat-run",
          "version": "0.2.0",
          "expectation": [
            "nextEvidenceAction packet without recent optional sidecar guidance fields",
            "repo projections tolerate missing and future optional next-evidence fields"
          ],
          "reportJsonRunId": "packaging-installed-next-evidence-compat-run",
          "explainIncludes": [
            "Reasons:"
          ],
          "planIncludes": [
            "Invariant evidence at risk: auth.refresh.validity"
          ],
          "governIncludes": [
            "auth-risk-budget"
          ],
          "authorizeOutcome": "deny",
          "authorizeRunId": "packaging-installed-next-evidence-compat-run",
          "removedAdditiveFields": [
            "nextEvidenceAction.primaryAction.sidecarSufficiency",
            "nextEvidenceAction.primaryAction.taskManifest.sidecarSufficiency",
            "nextEvidenceAction.primaryAction.taskManifest.guidance",
            "nextEvidenceAction.primaryAction.steps[].enclosingSymbol",
            "nextEvidenceAction.primaryAction.steps[].observableBehavior",
            "nextEvidenceAction.primaryAction.steps[].assertionStrategy",
            "nextEvidenceAction.primaryAction.steps[].maskingRisk"
          ]
        }
      },
      "rejected": {
        "unsupportedControlPlaneSnapshot": {
          "command": "ts-quality",
          "subcommand": "plan",
          "runId": "packaging-installed-unsupported-snapshot-run",
          "exitStatus": 1,
          "includes": [
            "Run packaging-installed-unsupported-snapshot-run carries unsupported control-plane snapshot schema 999.",
            "Re-run ts-quality check before trusting downstream decision surfaces."
          ]
        },
        "malformedControlPlaneSnapshot": {
          "command": "ts-quality",
          "subcommand": "authorize",
          "runId": "packaging-installed-malformed-snapshot-run",
          "exitStatus": 1,
          "includes": [
            "Run packaging-installed-malformed-snapshot-run carries malformed control-plane snapshot schema 1: field configPath must be a non-empty string.",
            "Re-run ts-quality check before trusting downstream decision surfaces."
          ]
        }
      }
    },
    "legacyArtifactCompatibility": {
      "runId": "packaging-installed-legacy-artifact-run",
      "version": "0.1.0",
      "expectation": [
        "legacy 0.1.0-style packet without additive 0.2.x fields",
        "repo projections tolerate missing optional additive fields"
      ],
      "reportJsonRunId": "packaging-installed-legacy-artifact-run",
      "explainIncludes": [
        "Reasons:"
      ],
      "planIncludes": [
        "Invariant evidence at risk: auth.refresh.validity"
      ],
      "governIncludes": [
        "auth-risk-budget"
      ],
      "authorizeOutcome": "deny",
      "authorizeRunId": "packaging-installed-legacy-artifact-run",
      "removedAdditiveFields": [
        "controlPlane",
        "coverageGeneration",
        "analysisWarnings",
        "mutationRemediation",
        "nextEvidenceAction",
        "executionWitnesses",
        "verdict.confidenceBreakdown"
      ]
    },
    "attestation": {
      "subject": ".ts-quality/runs/packaging-installed-review-run/verdict.json",
      "runId": "packaging-installed-review-run",
      "artifact": "verdict.json",
      "verified": true
    },
    "authorize": {
      "agent": "maintainer",
      "outcome": "approve",
      "overrideUsed": "maintainer",
      "runId": "packaging-installed-review-run",
      "bundlePath": ".ts-quality/runs/packaging-installed-review-run/bundle.maintainer.merge.json",
      "verifiedAttestations": 1
    },
    "releaseBotAuthorize": {
      "deniedWithoutOverride": {
        "outcome": "deny",
        "missingProof": [],
        "verifiedAttestations": 1,
        "governIncludes": "auth-risk-budget"
      },
      "approved": {
        "agent": "release-bot",
        "outcome": "approve",
        "overrideUsed": "maintainer",
        "runId": "packaging-installed-review-run",
        "bundlePath": ".ts-quality/runs/packaging-installed-review-run/bundle.release-bot.merge.json",
        "verifiedAttestations": 1
      }
    },
    "amend": {
      "proposalId": "packaging-installed-amendment",
      "outcome": "needs-approvals",
      "textArtifact": ".ts-quality/amendments/packaging-installed-amendment.result.txt"
    }
  }
}


exit=0